
> frontend@0.0.0 build
> tsc -b && vite build --config vite.config.mjs

src/App.tsx(60,44): error TS2367: This comparison appears to be unintentional because the types '"admin" | "sales" | "customer" | "employee" | undefined' and '"superadmin"' have no overlap.
src/components/layout/EmployeeLogoutModal.tsx(67,24): error TS2345: Argument of type '{ workSummary: string | undefined; gitLink: string | undefined; screenshot: File | null; }' is not assignable to parameter of type 'EmployeeLogoutPayload'.
  Property 'role' is missing in type '{ workSummary: string | undefined; gitLink: string | undefined; screenshot: File | null; }' but required in type 'EmployeeLogoutPayload'.
src/components/layout/GlobalSearch.tsx(3,51): error TS6133: 'Clock' is declared but its value is never read.
src/components/layout/Navbar.tsx(2,10): error TS6133: 'Search' is declared but its value is never read.
src/components/layout/Navbar.tsx(14,17): error TS6133: 'Trash2' is declared but its value is never read.
src/components/layout/NotificationManager.tsx(6,1): error TS6133: 'cn' is declared but its value is never read.
src/components/layout/Sidebar.tsx(53,14): error TS2367: This comparison appears to be unintentional because the types '"sales" | "customer" | undefined' and '"superadmin"' have no overlap.
src/features/leads/AddLeadModal.tsx(28,5): error TS2322: Type 'Resolver<{ name: string; email: string; phone: string; company: string; source: string; softwareType: string | undefined; status: string; notes: string; }, any, { softwareType?: string | undefined; ... 6 more ...; notes: string; }>' is not assignable to type 'Resolver<{ softwareType?: string | undefined; name: string; email: string; phone: string; status: string; company: string; source: string; notes: string; }, any, { softwareType?: string | undefined; ... 6 more ...; notes: string; }>'.
  Types of parameters 'values' and 'values' are incompatible.
    Type '{ softwareType?: string | undefined; name: string; email: string; phone: string; status: string; company: string; source: string; notes: string; }' is not assignable to type '{ name: string; email: string; phone: string; company: string; source: string; softwareType: string | undefined; status: string; notes: string; }'.
      Property 'softwareType' is optional in type '{ softwareType?: string | undefined; name: string; email: string; phone: string; status: string; company: string; source: string; notes: string; }' but required in type '{ name: string; email: string; phone: string; company: string; source: string; softwareType: string | undefined; status: string; notes: string; }'.
src/features/leads/AddLeadModal.tsx(78,38): error TS2345: Argument of type '(data: FormData) => void' is not assignable to parameter of type 'SubmitHandler<TFieldValues>'.
  Types of parameters 'data' and 'data' are incompatible.
    Type 'TFieldValues' is not assignable to type '{ softwareType?: string | undefined; name: string; email: string; phone: string; status: string; company: string; source: string; notes: string; }'.
      Type 'FieldValues' is missing the following properties from type '{ softwareType?: string | undefined; name: string; email: string; phone: string; status: string; company: string; source: string; notes: string; }': name, email, phone, status, and 3 more.
src/features/leads/AddLeadModal.tsx(235,35): error TS2345: Argument of type '(data: FormData) => void' is not assignable to parameter of type 'SubmitHandler<TFieldValues>'.
  Types of parameters 'data' and 'data' are incompatible.
    Type 'TFieldValues' is not assignable to type '{ softwareType?: string | undefined; name: string; email: string; phone: string; status: string; company: string; source: string; notes: string; }'.
      Type 'FieldValues' is missing the following properties from type '{ softwareType?: string | undefined; name: string; email: string; phone: string; status: string; company: string; source: string; notes: string; }': name, email, phone, status, and 3 more.
src/features/leads/CreateLead.tsx(32,5): error TS2322: Type 'Resolver<{ name: string; email: string; phone: string; company: string; source: string; softwareType: string | undefined; status: NonNullable<"New" | "Contacted" | "Qualified" | "Proposal" | "Negotiation" | ... 4 more ... | undefined>; notes: string; }, any, { ...; }>' is not assignable to type 'Resolver<{ softwareType?: string | undefined; name: string; email: string; phone: string; status: NonNullable<"New" | "Contacted" | "Qualified" | "Proposal" | "Negotiation" | "Converted" | "Not Interested" | "Follow Up" | "Direct Visit" | undefined>; company: string; source: string; notes: string; }, any, { ...; }>'.
  Types of parameters 'values' and 'values' are incompatible.
    Type '{ softwareType?: string | undefined; name: string; email: string; phone: string; status: NonNullable<"New" | "Contacted" | "Qualified" | "Proposal" | "Negotiation" | "Converted" | "Not Interested" | "Follow Up" | "Direct Visit" | undefined>; company: string; source: string; notes: string; }' is not assignable to type '{ name: string; email: string; phone: string; company: string; source: string; softwareType: string | undefined; status: NonNullable<"New" | "Contacted" | "Qualified" | "Proposal" | "Negotiation" | ... 4 more ... | undefined>; notes: string; }'.
      Property 'softwareType' is optional in type '{ softwareType?: string | undefined; name: string; email: string; phone: string; status: NonNullable<"New" | "Contacted" | "Qualified" | "Proposal" | "Negotiation" | "Converted" | "Not Interested" | "Follow Up" | "Direct Visit" | undefined>; company: string; source: string; notes: string; }' but required in type '{ name: string; email: string; phone: string; company: string; source: string; softwareType: string | undefined; status: NonNullable<"New" | "Contacted" | "Qualified" | "Proposal" | "Negotiation" | ... 4 more ... | undefined>; notes: string; }'.
src/features/leads/CreateLead.tsx(104,40): error TS2345: Argument of type '(data: FormData) => Promise<void>' is not assignable to parameter of type 'SubmitHandler<TFieldValues>'.
  Types of parameters 'data' and 'data' are incompatible.
    Type 'TFieldValues' is not assignable to type '{ softwareType?: string | undefined; name: string; email: string; phone: string; status: NonNullable<"New" | "Contacted" | "Qualified" | "Proposal" | "Negotiation" | "Converted" | "Not Interested" | "Follow Up" | "Direct Visit" | undefined>; company: string; source: string; notes: string; }'.
      Type 'FieldValues' is missing the following properties from type '{ softwareType?: string | undefined; name: string; email: string; phone: string; status: NonNullable<"New" | "Contacted" | "Qualified" | "Proposal" | "Negotiation" | "Converted" | "Not Interested" | "Follow Up" | "Direct Visit" | undefined>; company: string; source: string; notes: string; }': name, email, phone, status, and 3 more.
src/features/leads/EditLeadModal.tsx(39,5): error TS2322: Type 'Resolver<{ name: string; email: string; phone: string; company: string; source: string; softwareType: string | undefined; status: string; notes: string; }, any, { softwareType?: string | undefined; ... 6 more ...; notes: string; }>' is not assignable to type 'Resolver<{ softwareType?: string | undefined; name: string; email: string; phone: string; status: string; company: string; source: string; notes: string; }, any, { softwareType?: string | undefined; ... 6 more ...; notes: string; }>'.
  Types of parameters 'values' and 'values' are incompatible.
    Type '{ softwareType?: string | undefined; name: string; email: string; phone: string; status: string; company: string; source: string; notes: string; }' is not assignable to type '{ name: string; email: string; phone: string; company: string; source: string; softwareType: string | undefined; status: string; notes: string; }'.
      Property 'softwareType' is optional in type '{ softwareType?: string | undefined; name: string; email: string; phone: string; status: string; company: string; source: string; notes: string; }' but required in type '{ name: string; email: string; phone: string; company: string; source: string; softwareType: string | undefined; status: string; notes: string; }'.
src/features/leads/EditLeadModal.tsx(107,58): error TS2345: Argument of type '(data: FormData) => Promise<void>' is not assignable to parameter of type 'SubmitHandler<TFieldValues>'.
  Types of parameters 'data' and 'data' are incompatible.
    Type 'TFieldValues' is not assignable to type '{ softwareType?: string | undefined; name: string; email: string; phone: string; status: string; company: string; source: string; notes: string; }'.
      Type 'FieldValues' is missing the following properties from type '{ softwareType?: string | undefined; name: string; email: string; phone: string; status: string; company: string; source: string; notes: string; }': name, email, phone, status, and 3 more.
src/features/leads/LeadDetail.tsx(119,57): error TS2322: Type 'string' is not assignable to type '"New" | "Contacted" | "Qualified" | "Proposal" | "Negotiation" | "Converted" | "Not Interested" | "Follow Up" | "Direct Visit" | undefined'.
src/features/leads/LeadList.tsx(70,57): error TS2322: Type 'string' is not assignable to type '"New" | "Contacted" | "Qualified" | "Proposal" | "Negotiation" | "Converted" | "Not Interested" | "Follow Up" | "Direct Visit" | undefined'.
src/features/leads/LeadList.tsx(299,19): error TS2322: Type 'string | undefined' is not assignable to type 'string'.
  Type 'undefined' is not assignable to type 'string'.
src/features/leads/LeadList.tsx(362,23): error TS2322: Type 'string | undefined' is not assignable to type 'string'.
  Type 'undefined' is not assignable to type 'string'.
src/features/projects/ProjectDetail.tsx(372,19): error TS2304: Cannot find name 'normalizeAssignedTo'.
src/features/projects/ProjectDetail.tsx(551,60): error TS2339: Property 'completedBy' does not exist on type 'Task'.
src/features/projects/ProjectDetail.tsx(554,46): error TS2339: Property 'completedBy' does not exist on type 'Task'.
src/features/superadmin/SuperAdminDashboard.tsx(3,3): error TS6133: 'Users' is declared but its value is never read.
src/features/superadmin/SuperAdminDashboard.tsx(4,10): error TS6133: 'CheckCircle2' is declared but its value is never read.
src/features/superadmin/SuperAdminDashboard.tsx(4,24): error TS6133: 'XCircle' is declared but its value is never read.
src/features/superadmin/SuperAdminDashboard.tsx(5,19): error TS6133: 'AlertCircle' is declared but its value is never read.
src/store/slices/authSlice.ts(190,39): error TS6133: 'state' is declared but its value is never read.
